2026-08-06 15:24:40 - INFO - El programa inició
2026-08-06 15:24:40 - INFO - Herramienta 'Taladro' creada - Usuario: 1
2026-08-06 15:24:40 - ADVERTENCIA - La podadora tiene stock bajo
2026-08-06 15:24:40 - ERROR - Stock insuficiente: pidieron 5 y hay 2 - Usuario: 3
2026-08-06 15:37:06 - INFO - Herramienta 'Taladro' creada con id 1
2026-08-06 17:01:01 - INFO - Usuario 'Pepito perez' creado con id 1
2026-08-06 17:02:15 - INFO - Usuario 'Oliver Patiño\' creado con id 2
2026-08-06 17:45:17 - ERROR - Herramienta con id 5 no encontrada al intentar crear un préstamo
2026-08-06 17:45:54 - INFO - Prestamo #1: 2 de 'Taladro' - Usuario: 1
2026-08-08 09:14:37 - INFO - Inicio de sesion - Usuario: 2
2026-08-08 09:14:57 - INFO - Solicitud #1 de 'Taladro' - Usuario: 2
2026-08-08 09:14:57 - ADVERTENCIA - Intento de acceso sin permisos - Usuario: 2
2026-08-08 09:15:17 - INFO - Inicio de sesion - Usuario: 2
2026-08-08 09:15:22 - INFO - Solicitud #2 de 'Taladro' - Usuario: 2
2026-08-08 09:15:22 - ADVERTENCIA - Intento de acceso sin permisos - Usuario: 2
2026-08-08 09:15:49 - INFO - Inicio de sesion - Usuario: 1
2026-08-08 09:15:59 - INFO - Solicitud #3 de 'Taladro' - Usuario: 1
2026-08-08 09:16:42 - INFO - Solicitud #2 aprobada - Usuario: 1
2026-08-08 09:19:29 - INFO - Programa iniciado
2026-08-08 09:19:37 - INFO - Inicio de sesion - Usuario: 1
2026-08-08 09:20:22 - INFO - Herramienta 'Martillo' creada con id 2
2026-08-08 09:21:08 - INFO - Herramienta id 1 actualizada
2026-08-08 09:22:09 - INFO - Usuario 'Nicolas Rodriguez' creado con id 3
2026-08-08 09:23:15 - INFO - Prestamo #2: 2 de 'Taladro' - Usuario: 3
2026-08-08 09:24:19 - INFO - Solicitud #1 rechazada - Usuario: 1
2026-08-08 09:25:14 - ERROR - Error inesperado: module 'modulos.reportes' has no attribute 'ver_logs'
2026-08-08 09:29:16 - INFO - Programa iniciado
2026-08-08 09:29:26 - INFO - Inicio de sesion - Usuario: 1
2026-08-08 09:29:30 - INFO - Cierre de sesion - Usuario: 1
2026-08-08 09:29:33 - INFO - Programa finalizado
2026-08-08 10:14:35 - INFO - Programa iniciado
2026-08-08 10:14:47 - INFO - Inicio de sesion - Usuario: 3
2026-08-08 10:15:51 - INFO - Solicitud #3 de 'Taladro' - Usuario: 3
2026-08-08 10:16:34 - INFO - Cierre de sesion - Usuario: 3
2026-08-08 10:16:38 - INFO - Inicio de sesion - Usuario: 1
2026-08-08 10:17:13 - INFO - Cierre de sesion - Usuario: 1
2026-08-08 10:17:35 - INFO - Cierre de sesion - Usuario: 1
2026-08-08 10:18:06 - INFO - Solicitud #3 aprobada - Usuario: 1
2026-08-08 10:18:29 - INFO - Prestamo #3: 2 de 'Taladro' - Usuario: 3
2026-08-08 10:18:44 - INFO - Cierre de sesion - Usuario: 1
2026-08-08 10:18:50 - INFO - Programa finalizado
2026-08-10 17:52:42 - INFO - Programa iniciado
2026-08-10 17:52:49 - INFO - Inicio de sesion - Usuario: 1
2026-08-10 17:53:24 - INFO - Usuario 'Perencejito Perez' creado con id 4
2026-08-10 17:54:24 - INFO - Usuario id 4 actualizado
2026-08-10 17:54:46 - INFO - Cierre de sesion - Usuario: 1
2026-08-10 17:54:55 - INFO - Programa finalizado
2026-08-10 21:34:56 - INFO - Programa iniciado
2026-08-10 21:36:38 - INFO - Inicio de sesion - Usuario: 1
2026-08-10 21:39:22 - INFO - Herramienta 'Pala' creada con id 3
2026-08-10 21:49:29 - INFO - Programa interrumpido con Ctrl+C
2026-08-10 21:50:41 - INFO - Programa iniciado
2026-08-10 21:50:42 - INFO - Inicio de sesion - Usuario: 1
2026-08-10 21:50:55 - INFO - Programa interrumpido con Ctrl+C
2026-08-10 21:51:38 - INFO - Programa iniciado
2026-08-10 21:51:39 - INFO - Inicio de sesion - Usuario: 1
2026-08-10 21:52:33 - INFO - Programa interrumpido con Ctrl+C
2026-08-10 21:52:37 - INFO - Programa iniciado
2026-08-10 21:52:39 - INFO - Inicio de sesion - Usuario: 1
2026-08-10 21:53:00 - INFO - Programa interrumpido con Ctrl+C
2026-08-10 21:53:05 - INFO - Programa iniciado
2026-08-10 21:53:14 - INFO - Programa interrumpido con Ctrl+C
2026-08-10 21:53:21 - INFO - Programa iniciado
2026-08-10 21:53:27 - INFO - Programa interrumpido con Ctrl+C
2026-08-10 21:53:48 - INFO - Programa iniciado
2026-08-10 21:53:55 - INFO - Programa interrumpido con Ctrl+C
2026-08-10 21:54:01 - INFO - Programa iniciado
2026-08-10 21:54:03 - INFO - Inicio de sesion - Usuario: 1
2026-08-10 21:55:11 - INFO - Programa interrumpido con Ctrl+C
2026-08-11 18:37:58 - INFO - Programa iniciado
2026-08-11 18:38:03 - INFO - Inicio de sesion - Usuario: 1
2026-08-11 18:38:14 - INFO - Cierre de sesion - Usuario: 1
2026-08-11 18:38:19 - INFO - Programa finalizado
2026-08-11 18:39:59 - INFO - Programa iniciado
2026-08-11 18:40:16 - INFO - Inicio de sesion - Usuario: 1
2026-08-11 18:40:37 - INFO - Cierre de sesion - Usuario: 1
2026-08-11 18:40:39 - INFO - Inicio de sesion - Usuario: 2
2026-08-11 18:40:50 - INFO - Cierre de sesion - Usuario: 2
2026-08-11 18:40:52 - INFO - Inicio de sesion - Usuario: 3
2026-08-11 18:40:54 - INFO - Cierre de sesion - Usuario: 3
2026-08-11 18:40:57 - INFO - Programa finalizado
2026-08-11 18:47:02 - INFO - Programa iniciado
2026-08-11 18:47:08 - INFO - Inicio de sesion - Usuario: 1
2026-08-11 18:47:31 - INFO - Cierre de sesion - Usuario: 1
2026-08-11 18:47:33 - INFO - Programa finalizado
2026-08-11 18:50:25 - INFO - Programa iniciado
2026-08-11 18:50:43 - INFO - Inicio de sesion - Usuario: 1
2026-08-11 18:51:20 - INFO - Cierre de sesion - Usuario: 1
2026-08-11 18:51:26 - ERROR - Intento de inicio de sesion con id inexistente 99
2026-08-11 18:51:43 - INFO - Inicio de sesion - Usuario: 1
2026-08-11 18:52:06 - INFO - Herramienta 'Sierra' creada con id 4
2026-08-11 18:54:00 - INFO - Herramienta 'Llave inglesa' creada con id 5
2026-08-11 18:55:13 - INFO - Herramienta 'Tornillo' creada con id 6
2026-08-11 18:56:31 - INFO - Programa interrumpido con Ctrl+C
2026-08-11 18:56:44 - INFO - Programa iniciado
2026-08-11 18:56:55 - INFO - Inicio de sesion - Usuario: 2
2026-08-11 18:57:44 - INFO - Cierre de sesion - Usuario: 2
2026-08-11 18:57:46 - INFO - Inicio de sesion - Usuario: 1
2026-08-11 18:58:03 - ERROR - Intento de actualizar herramienta inexistente id 99
2026-08-11 18:58:31 - INFO - Herramienta id 2 inactivada
2026-08-11 18:59:46 - INFO - Cierre de sesion - Usuario: 1
2026-08-11 18:59:48 - INFO - Inicio de sesion - Usuario: 1
2026-08-11 19:00:18 - INFO - Usuario 'Ana Gomez' creado con id 5
2026-08-11 19:02:28 - INFO - Prestamo #4: 50 de 'Tornillo' - Usuario: 4
2026-08-11 19:03:00 - ERROR - Usuario con id 10 no encontrado al intentar crear un préstamo
2026-08-11 19:03:31 - INFO - Prestamo #4 devuelto - Usuario: 4
2026-08-11 19:04:31 - INFO - Prestamo #5: 50 de 'Tornillo' - Usuario: 4
2026-08-11 19:05:34 - INFO - Prestamo #5 devuelto - Usuario: 4
2026-08-11 19:06:27 - ERROR - Stock insuficiente para préstamo de herramienta id 5: pidieron 5 y hay 3
2026-08-11 19:06:36 - INFO - Cierre de sesion - Usuario: 1
2026-08-11 19:06:38 - INFO - Inicio de sesion - Usuario: 1
2026-08-11 19:07:06 - INFO - Cierre de sesion - Usuario: 1
2026-08-11 19:07:11 - INFO - Inicio de sesion - Usuario: 3
2026-08-11 19:07:22 - INFO - Solicitud #4 de 'Tornillo' - Usuario: 3
2026-08-11 19:07:33 - INFO - Cierre de sesion - Usuario: 3
2026-08-11 19:07:34 - INFO - Inicio de sesion - Usuario: 1
2026-08-11 19:07:48 - INFO - Solicitud #4 aprobada - Usuario: 1
2026-08-11 19:08:09 - INFO - Programa interrumpido con Ctrl+C
2026-08-11 19:08:25 - INFO - Programa iniciado
2026-08-11 19:08:27 - INFO - Inicio de sesion - Usuario: 1
2026-08-11 19:12:20 - INFO - Cierre de sesion - Usuario: 1
2026-08-11 19:12:22 - INFO - Programa finalizado
2026-08-11 19:20:40 - INFO - Programa iniciado
2026-08-11 19:21:44 - ADVERTENCIA - Pin de administrador incorrecto - Usuario: 1
2026-08-11 19:21:48 - ADVERTENCIA - Pin de administrador incorrecto - Usuario: 1
2026-08-11 19:21:53 - ADVERTENCIA - Pin de administrador incorrecto - Usuario: 1
2026-08-11 19:21:53 - ERROR - Acceso de administrador bloqueado por pin invalido (id 1)
2026-08-11 19:22:06 - INFO - Inicio de sesion - Usuario: 1
2026-08-11 19:22:17 - INFO - Cierre de sesion - Usuario: 1
2026-08-11 19:22:21 - INFO - Programa finalizado
2026-08-12 18:51:27 - INFO - Programa iniciado
2026-08-12 18:51:32 - INFO - Programa finalizado
